// Jest Snapshot v1, https://goo.gl/fbAQLP

exports[`<Input /> renders Input correctly 1`] = `
<input
  className="Input-sc-1pydahm-0 iMhWWR"
/>
`;
